warning: unused imports: `debug` and `warn`
 --> src/quality/mod.rs:7:15
  |
7 | use tracing::{debug, info, warn};
  |               ^^^^^        ^^^^
  |
  = note: `#[warn(unused_imports)]` on by default

warning: value assigned to `rhythm_score` is never read
   --> src/testing/visual_analyzer.rs:226:17
    |
226 |         let mut rhythm_score = 0.0;
    |                 ^^^^^^^^^^^^
    |
    = help: maybe it is overwritten before being read?
    = note: `#[warn(unused_assignments)]` on by default

warning: field `learning_rate` is never read
  --> src/quality/predictor.rs:20:5
   |
8  | pub struct QualityPredictor {
   |            ---------------- field in this struct
...
20 |     learning_rate: f32,
   |     ^^^^^^^^^^^^^
   |
   = note: `#[warn(dead_code)]` on by default

warning: field `trend_decay` is never read
   --> src/quality/predictor.rs:241:5
    |
239 | struct TrendModel {
    |        ---------- field in this struct
240 |     sensitivity: f32,
241 |     trend_decay: f32,
    |     ^^^^^^^^^^^

warning: field `host` is never read
  --> src/testing/audio_monitor.rs:12:5
   |
10 | pub struct AudioMonitor {
   |            ------------ field in this struct
11 |     generator: AudioGenerator,
12 |     host: Host,
   |     ^^^^

warning: field `test_results` is never read
  --> src/testing/bdd_framework.rs:31:5
   |
28 | pub struct BDDTestFramework {
   |            ---------------- field in this struct
...
31 |     test_results: HashMap<String, BDDTestResult>,
   |     ^^^^^^^^^^^^

warning: field `show_settings` is never read
  --> src/ui/v1_interface.rs:37:16
   |
26 | pub struct SpeedyV1Interface {
   |            ----------------- field in this struct
...
37 |     pub(crate) show_settings: bool,
   |                ^^^^^^^^^^^^^

warning: method `enhance_theme_color` is never used
    --> src/ui/v1_interface.rs:1170:8
     |
101  | impl SpeedyV1Interface {
     | ---------------------- method in this implementation
...
1170 |     fn enhance_theme_color(&mut self, color: &mut Color, boost_factor: f32) {
     |        ^^^^^^^^^^^^^^^^^^^

warning: `speedy` (lib) generated 8 warnings (run `cargo fix --lib -p speedy` to apply 1 suggestion)
warning: unused import: `ColorTheme`
 --> src/ui/mod.rs:4:24
  |
4 | pub use v1_interface::{ColorTheme, SpeedyV1Interface, VisualizationMode};
  |                        ^^^^^^^^^^

warning: methods `current_metrics`, `control_status`, and `calculate_target_achievement` are never used
   --> src/quality/mod.rs:233:12
    |
68  | impl CyberneticQualityController {
    | -------------------------------- methods in this implementation
...
233 |     pub fn current_metrics(&self) -> &VisualQualityMetrics {
    |            ^^^^^^^^^^^^^^^
...
238 |     pub fn control_status(&self) -> ControlStatus {
    |            ^^^^^^^^^^^^^^
...
248 |     fn calculate_target_achievement(&self) -> f32 {
    |        ^^^^^^^^^^^^^^^^^^^^^^^^^^^^
    |
    = note: `#[warn(dead_code)]` on by default

warning: field `improvement_potential` is never read
   --> src/quality/mod.rs:274:9
    |
268 | pub struct QualityAssessment {
    |            ----------------- field in this struct
...
274 |     pub improvement_potential: f32,
    |         ^^^^^^^^^^^^^^^^^^^^^
    |
    = note: `QualityAssessment` has a derived impl for the trait `Debug`, but this is intentionally ignored during dead code analysis

warning: struct `ControlStatus` is never constructed
   --> src/quality/mod.rs:352:12
    |
352 | pub struct ControlStatus {
    |            ^^^^^^^^^^^^^
    |
    = note: `ControlStatus` has a derived impl for the trait `Debug`, but this is intentionally ignored during dead code analysis

warning: methods `meets_production_quality`, `quality_grade`, and `detailed_report` are never used
   --> src/quality/metrics.rs:242:12
    |
25  | impl VisualQualityMetrics {
    | ------------------------- methods in this implementation
...
242 |     pub fn meets_production_quality(&self) -> bool {
    |            ^^^^^^^^^^^^^^^^^^^^^^^^
...
250 |     pub fn quality_grade(&self) -> char {
    |            ^^^^^^^^^^^^^
...
260 |     pub fn detailed_report(&self) -> String {
    |            ^^^^^^^^^^^^^^^

warning: fields `color_enhancement_effectiveness`, `animation_adjustment_effectiveness`, and `audio_optimization_effectiveness` are never read
  --> src/quality/optimizer.rs:8:5
   |
6  | pub struct QualityOptimizer {
   |            ---------------- fields in this struct
7  |     // Optimizer state for learning
8  |     color_enhancement_effectiveness: f32,
   |     ^^^^^^^^^^^^^^^^^^^^^^^^^^^^^^^
9  |     animation_adjustment_effectiveness: f32,
   |     ^^^^^^^^^^^^^^^^^^^^^^^^^^^^^^^^^^
10 |     audio_optimization_effectiveness: f32,
   |     ^^^^^^^^^^^^^^^^^^^^^^^^^^^^^^^^

warning: methods `update_effectiveness` and `status` are never used
   --> src/quality/optimizer.rs:194:12
    |
17  | impl QualityOptimizer {
    | --------------------- methods in this implementation
...
194 |     pub fn update_effectiveness(&mut self, action_type: ActionType, improvement: f32) {
    |            ^^^^^^^^^^^^^^^^^^^^
...
208 |     pub fn status(&self) -> OptimizerStatus {
    |            ^^^^^^

warning: fields `confidence`, `severity`, and `time_to_issue` are never read
   --> src/quality/optimizer.rs:231:9
    |
229 | pub struct PredictedIssue {
    |            -------------- fields in this struct
230 |     pub issue_type: PredictedIssueType,
231 |     pub confidence: f32,
    |         ^^^^^^^^^^
232 |     pub severity: f32,
    |         ^^^^^^^^
233 |     pub time_to_issue: std::time::Duration,
    |         ^^^^^^^^^^^^^
    |
    = note: `PredictedIssue` has a derived impl for the trait `Debug`, but this is intentionally ignored during dead code analysis

warning: enum `ActionType` is never used
   --> src/quality/optimizer.rs:237:10
    |
237 | pub enum ActionType {
    |          ^^^^^^^^^^

warning: struct `OptimizerStatus` is never constructed
   --> src/quality/optimizer.rs:244:12
    |
244 | pub struct OptimizerStatus {
    |            ^^^^^^^^^^^^^^^

warning: fields `prediction_accuracy_history` and `learning_rate` are never read
  --> src/quality/predictor.rs:11:5
   |
8  | pub struct QualityPredictor {
   |            ---------------- fields in this struct
...
11 |     prediction_accuracy_history: VecDeque<f32>,
   |     ^^^^^^^^^^^^^^^^^^^^^^^^^^^
...
20 |     learning_rate: f32,
   |     ^^^^^^^^^^^^^

warning: methods `update_accuracy`, `update_model_parameters`, `get_accuracy`, and `status` are never used
   --> src/quality/predictor.rs:178:12
    |
24  | impl QualityPredictor {
    | --------------------- methods in this implementation
...
178 |     pub fn update_accuracy(&mut self, predicted_issues: &[PredictedIssue], actual_outcome: f32) {
    |            ^^^^^^^^^^^^^^^
...
202 |     fn update_model_parameters(&mut self, accuracy: f32) {
    |        ^^^^^^^^^^^^^^^^^^^^^^^
...
218 |     pub fn get_accuracy(&self) -> f32 {
    |            ^^^^^^^^^^^^
...
228 |     pub fn status(&self) -> PredictorStatus {
    |            ^^^^^^

warning: method `update_sensitivity` is never used
   --> src/quality/predictor.rs:325:8
    |
244 | impl TrendModel {
    | --------------- method in this implementation
...
325 |     fn update_sensitivity(&mut self, adjustment_factor: f32) {
    |        ^^^^^^^^^^^^^^^^^^

warning: struct `PredictorStatus` is never constructed
   --> src/quality/predictor.rs:339:12
    |
339 | pub struct PredictorStatus {
    |            ^^^^^^^^^^^^^^^

warning: field `glow` is never read
  --> src/ui/v1_interface.rs:69:9
   |
63 | pub struct ColorTheme {
   |            ---------- field in this struct
...
69 |     pub glow: Color,
   |         ^^^^
   |
   = note: `ColorTheme` has a derived impl for the trait `Clone`, but this is intentionally ignored during dead code analysis

warning: fields `theme`, `color_system`, `animation_engine`, `start_time`, `current_mode`, and `history` are never read
  --> src/visual/mod.rs:18:9
   |
17 | pub struct VisualEngine {
   |            ------------ fields in this struct
18 |     pub theme: Theme,
   |         ^^^^^
19 |     pub color_system: ColorSystem,
   |         ^^^^^^^^^^^^
20 |     pub animation_engine: AnimationEngine,
   |         ^^^^^^^^^^^^^^^^
21 |     pub start_time: Instant,
   |         ^^^^^^^^^^
22 |     pub current_mode: VisualizationMode,
   |         ^^^^^^^^^^^^
23 |     pub history: Vec<Vec<f32>>, // Keep history for smooth transitions
   |         ^^^^^^^

warning: variants `FluidWave`, `Particles`, `Matrix`, `Spectrum3D`, and `Radial` are never constructed
  --> src/visual/mod.rs:29:5
   |
27 | pub enum VisualizationMode {
   |          ----------------- variants in this enum
28 |     NeonBars,
29 |     FluidWave,
   |     ^^^^^^^^^
30 |     Particles,
   |     ^^^^^^^^^
31 |     Matrix,
   |     ^^^^^^
32 |     Spectrum3D,
   |     ^^^^^^^^^^
33 |     Radial,
   |     ^^^^^^
   |
   = note: `VisualizationMode` has derived impls for the traits `Clone` and `Debug`, but these are intentionally ignored during dead code analysis

warning: methods `update`, `next_mode`, `next_theme`, and `elapsed_time` are never used
  --> src/visual/mod.rs:49:12
   |
36 | impl VisualEngine {
   | ----------------- methods in this implementation
...
49 |     pub fn update(&mut self, magnitudes: &[f32]) {
   |            ^^^^^^
...
60 |     pub fn next_mode(&mut self) {
   |            ^^^^^^^^^
...
73 |     pub fn next_theme(&mut self) {
   |            ^^^^^^^^^^
...
78 |     pub fn elapsed_time(&self) -> f32 {
   |            ^^^^^^^^^^^^

warning: fields `last_update`, `delta_time`, `total_time`, `smoothing_factor`, and `transition_speed` are never read
  --> src/visual/animations.rs:10:5
   |
9  | pub struct AnimationEngine {
   |            --------------- fields in this struct
10 |     last_update: Instant,
   |     ^^^^^^^^^^^
11 |     pub delta_time: f32,
   |         ^^^^^^^^^^
12 |     pub total_time: f32,
   |         ^^^^^^^^^^
13 |     pub smoothing_factor: f32,
   |         ^^^^^^^^^^^^^^^^
14 |     pub transition_speed: f32,
   |         ^^^^^^^^^^^^^^^^
   |
   = note: `AnimationEngine` has derived impls for the traits `Clone` and `Debug`, but these are intentionally ignored during dead code analysis

warning: multiple associated items are never used
   --> src/visual/animations.rs:29:12
    |
17  | impl AnimationEngine {
    | -------------------- associated items in this implementation
...
29  |     pub fn update(&mut self) {
    |            ^^^^^^
...
37  |     pub fn smooth_lerp(&self, current: f32, target: f32) -> f32 {
    |            ^^^^^^^^^^^
...
42  |     pub fn lerp(a: f32, b: f32, t: f32) -> f32 {
    |            ^^^^
...
47  |     pub fn smooth_step(t: f32) -> f32 {
    |            ^^^^^^^^^^^
...
53  |     pub fn elastic_ease_out(t: f32) -> f32 {
    |            ^^^^^^^^^^^^^^^^
...
63  |     pub fn bounce_ease_out(t: f32) -> f32 {
    |            ^^^^^^^^^^^^^^^
...
80  |     pub fn sine_wave(&self, frequency: f32, amplitude: f32, phase: f32) -> f32 {
    |            ^^^^^^^^^
...
85  |     pub fn cosine_wave(&self, frequency: f32, amplitude: f32, phase: f32) -> f32 {
    |            ^^^^^^^^^^^
...
90  |     pub fn pulse(&self, frequency: f32, min_value: f32, max_value: f32) -> f32 {
    |            ^^^^^
...
96  |     pub fn sawtooth(&self, frequency: f32) -> f32 {
    |            ^^^^^^^^
...
103 |     pub fn triangle_wave(&self, frequency: f32) -> f32 {
    |            ^^^^^^^^^^^^^
...
113 |     pub fn exponential_decay(&self, start_time: f32, decay_rate: f32) -> f32 {
    |            ^^^^^^^^^^^^^^^^^
...
123 |     pub fn smooth_magnitude_array(&self, current: &mut [f32], target: &[f32]) {
    |            ^^^^^^^^^^^^^^^^^^^^^^
...
131 |     pub fn apply_peak_decay(&self, current: &mut [f32], decay_rate: f32) {
    |            ^^^^^^^^^^^^^^^^
...
139 |     pub fn staggered_time(&self, index: usize, stagger_amount: f32) -> f32 {
    |            ^^^^^^^^^^^^^^
...
144 |     pub fn normalized_time(&self, period: f32) -> f32 {
    |            ^^^^^^^^^^^^^^^
...
149 |     pub fn time_jitter(&self, amplitude: f32, frequency: f32) -> f32 {
    |            ^^^^^^^^^^^
...
156 |     pub fn interpolate_colors(&self, colors: &[(f32, f32, f32)], position: f32) -> (f32, f32, f32) {
    |            ^^^^^^^^^^^^^^^^^^

warning: fields `hue_offset`, `saturation`, and `brightness` are never read
  --> src/visual/colors.rs:10:9
   |
9  | pub struct ColorSystem {
   |            ----------- fields in this struct
10 |     pub hue_offset: f32,
   |         ^^^^^^^^^^
11 |     pub saturation: f32,
   |         ^^^^^^^^^^
12 |     pub brightness: f32,
   |         ^^^^^^^^^^
   |
   = note: `ColorSystem` has derived impls for the traits `Clone` and `Debug`, but these are intentionally ignored during dead code analysis

warning: methods `gradient_color`, `neon_color`, `spectrum_color`, `pulse_color`, `blend_colors`, and `update` are never used
  --> src/visual/colors.rs:25:12
   |
15 | impl ColorSystem {
   | ---------------- methods in this implementation
...
25 |     pub fn gradient_color(&self, position: f32, intensity: f32, time: f32) -> Color {
   |            ^^^^^^^^^^^^^^
...
34 |     pub fn neon_color(&self, base_hue: f32, intensity: f32, glow: f32) -> Color {
   |            ^^^^^^^^^^
...
43 |     pub fn spectrum_color(&self, frequency_ratio: f32, intensity: f32) -> Color {
   |            ^^^^^^^^^^^^^^
...
53 |     pub fn pulse_color(&self, base_color: Color, time: f32, frequency: f32) -> Color {
   |            ^^^^^^^^^^^
...
59 |     pub fn blend_colors(&self, color1: Color, color2: Color, ratio: f32) -> Color {
   |            ^^^^^^^^^^^^
...
74 |     pub fn update(&mut self, delta_time: f32) {
   |            ^^^^^^

warning: function `hsv_to_rgb` is never used
  --> src/visual/colors.rs:83:4
   |
83 | fn hsv_to_rgb(h: f32, s: f32, v: f32) -> Color {
   |    ^^^^^^^^^^

warning: struct `ColorPalettes` is never constructed
   --> src/visual/colors.rs:111:12
    |
111 | pub struct ColorPalettes;
    |            ^^^^^^^^^^^^^

warning: associated constants `CYBER_NEON`, `OCEAN_DEPTHS`, `FIRE_STORM`, and `FOREST_GLOW` are never used
   --> src/visual/colors.rs:114:15
    |
113 | impl ColorPalettes {
    | ------------------ associated constants in this implementation
114 |     pub const CYBER_NEON: [Color; 6] = [
    |               ^^^^^^^^^^
...
123 |     pub const OCEAN_DEPTHS: [Color; 6] = [
    |               ^^^^^^^^^^^^
...
132 |     pub const FIRE_STORM: [Color; 6] = [
    |               ^^^^^^^^^^
...
141 |     pub const FOREST_GLOW: [Color; 6] = [
    |               ^^^^^^^^^^^

warning: struct `NeonBars` is never constructed
  --> src/visual/effects.rs:12:12
   |
12 | pub struct NeonBars {
   |            ^^^^^^^^

warning: struct `NeonBar` is never constructed
  --> src/visual/effects.rs:19:12
   |
19 | pub struct NeonBar {
   |            ^^^^^^^
   |
   = note: `NeonBar` has a derived impl for the trait `Clone`, but this is intentionally ignored during dead code analysis

warning: associated items `new`, `update`, and `render_text` are never used
  --> src/visual/effects.rs:30:12
   |
29 | impl NeonBars {
   | ------------- associated items in this implementation
30 |     pub fn new(count: usize, area_width: u16) -> Self {
   |            ^^^
...
51 |     pub fn update(&mut self, magnitudes: &[f32], theme: Theme, time: f32, delta_time: f32) {
   |            ^^^^^^
...
78 |     pub fn render_text(&self, area_height: u16) -> Vec<Line<'static>> {
   |            ^^^^^^^^^^^

warning: struct `FluidWave` is never constructed
   --> src/visual/effects.rs:126:12
    |
126 | pub struct FluidWave {
    |            ^^^^^^^^^

warning: associated items `new`, `update`, and `render_text` are never used
   --> src/visual/effects.rs:135:12
    |
134 | impl FluidWave {
    | -------------- associated items in this implementation
135 |     pub fn new(resolution: usize) -> Self {
    |            ^^^
...
145 |     pub fn update(&mut self, magnitudes: &[f32], time: f32, delta_time: f32) {
    |            ^^^^^^
...
167 |     pub fn render_text(&self, area: Rect, theme: Theme) -> Vec<Line<'static>> {
    |            ^^^^^^^^^^^

warning: struct `ParticleSystem` is never constructed
   --> src/visual/effects.rs:212:12
    |
212 | pub struct ParticleSystem {
    |            ^^^^^^^^^^^^^^

warning: struct `Particle` is never constructed
   --> src/visual/effects.rs:220:12
    |
220 | pub struct Particle {
    |            ^^^^^^^^
    |
    = note: `Particle` has a derived impl for the trait `Clone`, but this is intentionally ignored during dead code analysis

warning: associated items `new`, `update`, and `render_text` are never used
   --> src/visual/effects.rs:232:12
    |
231 | impl ParticleSystem {
    | ------------------- associated items in this implementation
232 |     pub fn new(max_particles: usize) -> Self {
    |            ^^^
...
241 |     pub fn update(&mut self, magnitudes: &[f32], delta_time: f32, theme: Theme) {
    |            ^^^^^^
...
280 |     pub fn render_text(&self, area: Rect) -> Vec<Line<'static>> {
    |            ^^^^^^^^^^^

warning: static `SEED` is never used
   --> src/visual/effects.rs:319:12
    |
319 |     static SEED: AtomicU64 = AtomicU64::new(1);
    |            ^^^^

warning: function `f32` is never used
   --> src/visual/effects.rs:321:12
    |
321 |     pub fn f32() -> f32 {
    |            ^^^

warning: variants `OceanDeep`, `FireStorm`, `ForestGlow`, `Monochrome`, and `RetroWave` are never constructed
  --> src/visual/themes.rs:10:5
   |
8  | pub enum Theme {
   |          ----- variants in this enum
9  |     CyberNeon,
10 |     OceanDeep,
   |     ^^^^^^^^^
11 |     FireStorm,
   |     ^^^^^^^^^
12 |     ForestGlow,
   |     ^^^^^^^^^^
13 |     Monochrome,
   |     ^^^^^^^^^^
14 |     RetroWave,
   |     ^^^^^^^^^
   |
   = note: `Theme` has derived impls for the traits `Clone` and `Debug`, but these are intentionally ignored during dead code analysis

warning: multiple methods are never used
   --> src/visual/themes.rs:19:12
    |
17  | impl Theme {
    | ---------- methods in this implementation
18  |     /// Get the primary color palette for this theme
19  |     pub fn palette(self) -> &'static [Color; 6] {
    |            ^^^^^^^
...
31  |     pub fn background_color(self) -> Color {
    |            ^^^^^^^^^^^^^^^^
...
43  |     pub fn accent_color(self) -> Color {
    |            ^^^^^^^^^^^^
...
55  |     pub fn text_color(self) -> Color {
    |            ^^^^^^^^^^
...
67  |     pub fn border_color(self) -> Color {
    |            ^^^^^^^^^^^^
...
79  |     pub fn name(self) -> &'static str {
    |            ^^^^
...
91  |     pub fn next(self) -> Self {
    |            ^^^^
...
103 |     pub fn get_color(self, index: usize, intensity: f32) -> Color {
    |            ^^^^^^^^^
...
120 |     pub fn use_glow(self) -> bool {
    |            ^^^^^^^^
...
128 |     pub fn glow_intensity(self) -> f32 {
    |            ^^^^^^^^^^^^^^

warning: constant `MONOCHROME_PALETTE` is never used
   --> src/visual/themes.rs:139:7
    |
139 | const MONOCHROME_PALETTE: [Color; 6] = [
    |       ^^^^^^^^^^^^^^^^^^

warning: constant `RETRO_WAVE_PALETTE` is never used
   --> src/visual/themes.rs:148:7
    |
148 | const RETRO_WAVE_PALETTE: [Color; 6] = [
    |       ^^^^^^^^^^^^^^^^^^

warning: `speedy` (bin "speedy") generated 43 warnings (4 duplicates) (run `cargo fix --bin "speedy"` to apply 1 suggestion)
    Finished `dev` profile [optimized + debuginfo] target(s) in 0.07s
     Running `target/debug/speedy`
ALSA lib pcm_route.c:878:(find_matching_chmap) Found no matching channel map
ALSA lib pcm_route.c:878:(find_matching_chmap) Found no matching channel map
ALSA lib pcm_route.c:878:(find_matching_chmap) Found no matching channel map
ALSA lib pcm_route.c:878:(find_matching_chmap) Found no matching channel map
ALSA lib pcm_route.c:878:(find_matching_chmap) Found no matching channel map
ALSA lib pcm_route.c:878:(find_matching_chmap) Found no matching channel map
ALSA lib pcm_dmix.c:1000:(snd_pcm_dmix_open) unable to open slave
ALSA lib pcm_dsnoop.c:567:(snd_pcm_dsnoop_open) unable to open slave
