🚀 Starting Speedy Cybernetic Development Loop
Timestamp: 2025-08-08 20:12:16
========================================
🔍 Phase 1: SENSING
⚠️  sense_project_state.sh not found, running basic sensing...
  • Checking compilation status...
    ❌ Compilation: FAIL
  • Checking audio system...
    ⚠️  No audio devices detected
  • Checking dependencies...
    ✅ Rust toolchain available
📊 Phase 2: COMPARISON
⚠️  compare_against_targets.sh not found, running basic comparison...
  • Comparing against quality targets...
    ❌ Compilation target: MISSED (compilation failures)
    ⚠️  Audio system target: PARTIAL (limited audio capability)
⚡ Phase 3: ACTION
⚠️  execute_improvements.sh not found, running basic actions...
  • Attempting to fix build issues...
    ✅ Code formatting applied
    ❌ Build issues persist
🔄 Phase 4: FEEDBACK
⚠️  validate_improvements.sh not found, running basic validation...
  • Validating build status...
    ❌ BUILD VALIDATION: FAILURE
  • Attempting recovery...
  • Validating system resources...
    • Memory usage: 15.3%
    ⚠️  High memory usage detected
📚 Phase 5: LEARNING
⚠️  capture_learning.sh not found, running basic learning capture...
  • Capturing learning insights...
    ✅ Learning captured: 1 insights recorded

✅ Cybernetic loop iteration completed
Summary:
  • Build Status: FAILURE
  • Audio Status: WARN
  • Learning Entries: 1
  • Execution Duration: 16 seconds
Next iteration scheduled for: 2025-08-08 21:12:32
⚠️  Overall Status: NEEDS ATTENTION
🚀 Starting Speedy Cybernetic Development Loop
Timestamp: 2025-08-08 20:13:45
========================================
🔍 Phase 1: SENSING
⚠️  sense_project_state.sh not found, running basic sensing...
  • Checking compilation status...
    ❌ Compilation: FAIL
  • Checking audio system...
    ⚠️  No audio devices detected
  • Checking dependencies...
    ✅ Rust toolchain available
📊 Phase 2: COMPARISON
⚠️  compare_against_targets.sh not found, running basic comparison...
  • Comparing against quality targets...
    ❌ Compilation target: MISSED (compilation failures)
    ⚠️  Audio system target: PARTIAL (limited audio capability)
⚡ Phase 3: ACTION
⚠️  execute_improvements.sh not found, running basic actions...
  • Attempting to fix build issues...
    ✅ Code formatting applied
    ❌ Build issues persist
🔄 Phase 4: FEEDBACK
⚠️  validate_improvements.sh not found, running basic validation...
  • Validating build status...
    ❌ BUILD VALIDATION: FAILURE
  • Attempting recovery...
  • Validating system resources...
    • Memory usage: 15.1%
    ⚠️  High memory usage detected
📚 Phase 5: LEARNING
⚠️  capture_learning.sh not found, running basic learning capture...
  • Capturing learning insights...
    ✅ Learning captured: 1 insights recorded

✅ Cybernetic loop iteration completed
Summary:
  • Build Status: FAILURE
  • Audio Status: WARN
  • Learning Entries: 1
  • Execution Duration: 9 seconds
Next iteration scheduled for: 2025-08-08 21:13:54
⚠️  Overall Status: NEEDS ATTENTION
🚀 Starting Speedy Cybernetic Development Loop
Timestamp: 2025-08-08 20:16:03
========================================
🔍 Phase 1: SENSING
⚠️  sense_project_state.sh not found, running basic sensing...
  • Checking compilation status...
    ❌ Compilation: FAIL
  • Checking audio system...
    ⚠️  No audio devices detected
  • Checking dependencies...
    ✅ Rust toolchain available
📊 Phase 2: COMPARISON
⚠️  compare_against_targets.sh not found, running basic comparison...
  • Comparing against quality targets...
    ❌ Compilation target: MISSED (compilation failures)
    ⚠️  Audio system target: PARTIAL (limited audio capability)
⚡ Phase 3: ACTION
⚡ Enhanced ACTION Phase - Fixing Build Issues
🚀 Speedy Audio Visualizer Development Environment
📦 Rust version: rustc 1.88.0 (6b00bc388 2025-06-23) (built from a source tarball)
🔧 Cargo version: cargo 1.88.0 (873a06493 2025-05-10)
🎵 Audio libraries: ALSA, PulseAudio, JACK available

Available audio devices:
**** List of PLAYBACK Hardware Devices ****
card 0: Generic [HD-Audio Generic], device 3: HDMI 0 [HDMI 0]
  Subdevices: 1/1
  Subdevice #0: subdevice #0
card 0: Generic [HD-Audio Generic], device 7: HDMI 1 [HDMI 1]
  Subdevices: 1/1
  Subdevice #0: subdevice #0
card 0: Generic [HD-Audio Generic], device 8: HDMI 2 [HDMI 2]
  Subdevices: 1/1
  Subdevice #0: subdevice #0
card 0: Generic [HD-Audio Generic], device 9: HDMI 3 [HDMI 3]
  Subdevices: 1/1
  Subdevice #0: subdevice #0
card 1: Generic_1 [HD-Audio Generic], device 0: ALC1220 Analog [ALC1220 Analog]
  Subdevices: 1/1
  Subdevice #0: subdevice #0
card 1: Generic_1 [HD-Audio Generic], device 1: ALC1220 Digital [ALC1220 Digital]
  Subdevices: 1/1
  Subdevice #0: subdevice #0
card 2: E2 [Maonocaster E2], device 0: USB Audio [USB Audio]
  Subdevices: 0/1
  Subdevice #0: subdevice #0

Visual Testing Functions:
  • visual-watch       - Continuous testing with cargo watch
  • visual-capture     - Capture 10s of visual output
  • visual-analyze     - Analyze captured output
  • test-audio-pipeline - Test audio capture functionality
  • comprehensive-test - Run all tests and capture output

⚡ Ready to build advanced audio visualizer with ratatui!
  🔧 Build failing - analyzing and fixing issues...
  🎯 Detected missing analyze_frequencies method
  🔧 Adding missing method to VisualAnalyzer...
  ✅ Missing analyze_frequencies method added
  🔄 Testing fixes...
🚀 Speedy Audio Visualizer Development Environment
📦 Rust version: rustc 1.88.0 (6b00bc388 2025-06-23) (built from a source tarball)
🔧 Cargo version: cargo 1.88.0 (873a06493 2025-05-10)
🎵 Audio libraries: ALSA, PulseAudio, JACK available

Available audio devices:
**** List of PLAYBACK Hardware Devices ****
card 0: Generic [HD-Audio Generic], device 3: HDMI 0 [HDMI 0]
  Subdevices: 1/1
  Subdevice #0: subdevice #0
card 0: Generic [HD-Audio Generic], device 7: HDMI 1 [HDMI 1]
  Subdevices: 1/1
  Subdevice #0: subdevice #0
card 0: Generic [HD-Audio Generic], device 8: HDMI 2 [HDMI 2]
  Subdevices: 1/1
  Subdevice #0: subdevice #0
card 0: Generic [HD-Audio Generic], device 9: HDMI 3 [HDMI 3]
  Subdevices: 1/1
  Subdevice #0: subdevice #0
card 1: Generic_1 [HD-Audio Generic], device 0: ALC1220 Analog [ALC1220 Analog]
  Subdevices: 1/1
  Subdevice #0: subdevice #0
card 1: Generic_1 [HD-Audio Generic], device 1: ALC1220 Digital [ALC1220 Digital]
  Subdevices: 1/1
  Subdevice #0: subdevice #0
card 2: E2 [Maonocaster E2], device 0: USB Audio [USB Audio]
  Subdevices: 0/1
  Subdevice #0: subdevice #0

Visual Testing Functions:
  • visual-watch       - Continuous testing with cargo watch
  • visual-capture     - Capture 10s of visual output
  • visual-analyze     - Analyze captured output
  • test-audio-pipeline - Test audio capture functionality
  • comprehensive-test - Run all tests and capture output

⚡ Ready to build advanced audio visualizer with ratatui!
  ⚠️  Build still failing - may need additional fixes
  📋 Remaining build errors:
warning: Git tree '/home/logger/Current-Rice/logger/speedy' is dirty
🚀 Speedy Audio Visualizer Development Environment
📦 Rust version: rustc 1.88.0 (6b00bc388 2025-06-23) (built from a source tarball)
🔧 Cargo version: cargo 1.88.0 (873a06493 2025-05-10)
🎵 Audio libraries: ALSA, PulseAudio, JACK available

Available audio devices:
**** List of PLAYBACK Hardware Devices ****
card 0: Generic [HD-Audio Generic], device 3: HDMI 0 [HDMI 0]
  Subdevices: 1/1
🚀 Starting Speedy Cybernetic Development Loop
Timestamp: 2025-08-08 20:32:04
========================================
🔍 Phase 1: SENSING
⚠️  sense_project_state.sh not found, running basic sensing...
  • Checking compilation status...
    ❌ Compilation: FAIL
  • Checking audio system...
    ⚠️  No audio devices detected
  • Checking dependencies...
    ✅ Rust toolchain available
📊 Phase 2: COMPARISON
⚠️  compare_against_targets.sh not found, running basic comparison...
  • Comparing against quality targets...
    ❌ Compilation target: MISSED (compilation failures)
    ⚠️  Audio system target: PARTIAL (limited audio capability)
⚡ Phase 3: ACTION
⚡ Enhanced ACTION Phase - Fixing Build Issues
🚀 Speedy Audio Visualizer Development Environment
📦 Rust version: rustc 1.88.0 (6b00bc388 2025-06-23) (built from a source tarball)
🔧 Cargo version: cargo 1.88.0 (873a06493 2025-05-10)
🎵 Audio libraries: ALSA, PulseAudio, JACK available

Available audio devices:
**** List of PLAYBACK Hardware Devices ****
card 0: Generic [HD-Audio Generic], device 3: HDMI 0 [HDMI 0]
  Subdevices: 1/1
  Subdevice #0: subdevice #0
card 0: Generic [HD-Audio Generic], device 7: HDMI 1 [HDMI 1]
  Subdevices: 1/1
  Subdevice #0: subdevice #0
card 0: Generic [HD-Audio Generic], device 8: HDMI 2 [HDMI 2]
  Subdevices: 1/1
  Subdevice #0: subdevice #0
card 0: Generic [HD-Audio Generic], device 9: HDMI 3 [HDMI 3]
  Subdevices: 1/1
  Subdevice #0: subdevice #0
card 1: Generic_1 [HD-Audio Generic], device 0: ALC1220 Analog [ALC1220 Analog]
  Subdevices: 1/1
  Subdevice #0: subdevice #0
card 1: Generic_1 [HD-Audio Generic], device 1: ALC1220 Digital [ALC1220 Digital]
  Subdevices: 1/1
  Subdevice #0: subdevice #0
card 2: E2 [Maonocaster E2], device 0: USB Audio [USB Audio]
  Subdevices: 0/1
  Subdevice #0: subdevice #0

Visual Testing Functions:
  • visual-watch       - Continuous testing with cargo watch
  • visual-capture     - Capture 10s of visual output
  • visual-analyze     - Analyze captured output
  • test-audio-pipeline - Test audio capture functionality
  • comprehensive-test - Run all tests and capture output

⚡ Ready to build advanced audio visualizer with ratatui!
  🔧 Build failing - analyzing and fixing issues...
  🔄 Testing fixes...
🚀 Speedy Audio Visualizer Development Environment
📦 Rust version: rustc 1.88.0 (6b00bc388 2025-06-23) (built from a source tarball)
🔧 Cargo version: cargo 1.88.0 (873a06493 2025-05-10)
🎵 Audio libraries: ALSA, PulseAudio, JACK available

Available audio devices:
**** List of PLAYBACK Hardware Devices ****
card 0: Generic [HD-Audio Generic], device 3: HDMI 0 [HDMI 0]
  Subdevices: 1/1
  Subdevice #0: subdevice #0
card 0: Generic [HD-Audio Generic], device 7: HDMI 1 [HDMI 1]
  Subdevices: 1/1
  Subdevice #0: subdevice #0
card 0: Generic [HD-Audio Generic], device 8: HDMI 2 [HDMI 2]
  Subdevices: 1/1
  Subdevice #0: subdevice #0
card 0: Generic [HD-Audio Generic], device 9: HDMI 3 [HDMI 3]
  Subdevices: 1/1
  Subdevice #0: subdevice #0
card 1: Generic_1 [HD-Audio Generic], device 0: ALC1220 Analog [ALC1220 Analog]
  Subdevices: 1/1
  Subdevice #0: subdevice #0
card 1: Generic_1 [HD-Audio Generic], device 1: ALC1220 Digital [ALC1220 Digital]
  Subdevices: 1/1
  Subdevice #0: subdevice #0
card 2: E2 [Maonocaster E2], device 0: USB Audio [USB Audio]
  Subdevices: 0/1
  Subdevice #0: subdevice #0

Visual Testing Functions:
  • visual-watch       - Continuous testing with cargo watch
  • visual-capture     - Capture 10s of visual output
  • visual-analyze     - Analyze captured output
  • test-audio-pipeline - Test audio capture functionality
  • comprehensive-test - Run all tests and capture output

⚡ Ready to build advanced audio visualizer with ratatui!
  ⚠️  Build still failing - may need additional fixes
  📋 Remaining build errors:
warning: Git tree '/home/logger/Current-Rice/logger/speedy' is dirty
🚀 Speedy Audio Visualizer Development Environment
📦 Rust version: rustc 1.88.0 (6b00bc388 2025-06-23) (built from a source tarball)
🔧 Cargo version: cargo 1.88.0 (873a06493 2025-05-10)
🎵 Audio libraries: ALSA, PulseAudio, JACK available

Available audio devices:
**** List of PLAYBACK Hardware Devices ****
card 0: Generic [HD-Audio Generic], device 3: HDMI 0 [HDMI 0]
  Subdevices: 1/1
